# é”ç­‰å¾…è¶…æ—¶



### é”è¶…æ—¶(Lock wait timeout) å’Œ æ­»é”(Dead Lock) 

- **Lock wait timeout**
  - åé¢çš„äº‹åŠ¡ç­‰å¾…å‰é¢å¤„ç†çš„äº‹åŠ¡é‡Šæ”¾é”ï¼Œç­‰å¾…æ—¶é—´è¶…è¿‡äº†`innodb_lock_wait_timeout`
  - åœ¨è¶…æ—¶æ—¶é—´å†…ï¼Œåæ¥çš„äº‹åŠ¡ä¼šä¸€ç›´ç­‰å¾…å‰é¢çš„äº‹åŠ¡é‡Šæ”¾é”ï¼Œä¼šå¯¼è‡´ç¨‹åºé˜»å¡
  - **å½“å‘ç”Ÿé”ç­‰å¾…è¶…æ—¶æ—¶ï¼Œå°†å›æ»šå½“å‰è¯­å¥ï¼ˆè€Œä¸æ˜¯æ•´ä¸ªäº‹åŠ¡ï¼‰** 
  -  `ERROR 1205 (HY000): Lock wait timeout exceeded; try restarting transaction` å¼‚å¸¸
  - **å‡ºç°çš„åŸå› ï¼š** äº‹åŠ¡è¿‡å¤§ï¼Œé”å ç”¨çš„æ—¶é—´è¿‡é•¿
- **Dead Lock** æ­»é”
  - ä¸¤ä¸ªäº‹åŠ¡äº’ç›¸ç­‰å¾…å¯¹æ–¹é‡Šæ”¾ç›¸åŒèµ„æºçš„é”
  - æ­»é”äº§ç”Ÿåä¼šç«‹å³å¤±è´¥ï¼Œéšæœºå›æ»šå…¶ä¸­ä¸€ä¸ªäº‹åŠ¡ï¼ˆåæ“ä½œé€ æˆæ­»é”çš„äº‹åŠ¡ï¼‰
  - å½“ `innodb_deadlock_detect` è¢«ç¦ç”¨æ—¶ï¼Œæ­»é”çš„è¶…æ—¶æ—¶é—´å³ `innodb_lock_wait_timeout`
  - `ERROR 1213 (40001): Deadlock found when trying to get lock; try restarting transaction`
  - **å‡ºç°çš„åŸå› ï¼š** å¤šä¸ªäº‹åŠ¡å¯¹åŒä¸€æ‰¹æ•°æ®è¿›è¡Œæ“ä½œæ—¶ï¼ŒåŠ é”é¡ºåºä¸ä¸€è‡´



### innodb_lock_wait_timeout å’Œ lock_wait_timeout

> - [Server System Variable Reference](https://dev.mysql.com/doc/refman/5.7/en/server-system-variable-reference.html)
>   - [innodb_lock_wait_timeout](https://dev.mysql.com/doc/refman/5.7/en/innodb-parameters.html#sysvar_innodb_lock_wait_timeout)
>   - [lock_wait_timeout](https://dev.mysql.com/doc/refman/5.7/en/server-system-variables.html#sysvar_lock_wait_timeout)



- `innodb_lock_wait_timeout`
  - é’ˆå¯¹è¡Œçº§é”ï¼Œä¸é€‚ç”¨ä¸è¡¨é”
  - å•ä½ç§’ï¼Œé»˜è®¤ `50`ï¼Œå¯é€‰å€¼ 1 ~ 1073741824
  - å¯¹äºé«˜åº¦äº¤äº’çš„åº”ç”¨ç¨‹åº æˆ– **OLTPç³»ç»Ÿï¼Œå¯èƒ½ä¼šé™ä½æ­¤å€¼ï¼Œä»¥ä¾¿å¿«é€Ÿå“åº”ç”¨æˆ·åé¦ˆ**
  - å¯¹äºç­‰å¾…å…¶ä»–å¤§å‹æ’å…¥æˆ–æ›´æ–°æ“ä½œå®Œæˆçš„æ•°æ®ä»“åº“ï¼Œå¯ä»¥å¢åŠ æ­¤å€¼
- `lock_wait_timeout`
  - DDL å’Œ DML å¯¹ è¡¨ã€è§†å›¾ã€å­˜å‚¨è¿‡ç¨‹ã€å‡½æ•° çš„æ“ä½œ
  - å¸¸è§å¦‚è¡¨é”ç­‰
  - å•ä½ç§’ï¼Œé»˜è®¤ 31536000 (1å¹´)ï¼Œå¯é€‰å€¼ 1 ~ 31536000



### ä¿®æ”¹ innodb_lock_wait_timeout

```mysql
# é”è¶…æ—¶æ—¶é—´è®¾ç½®ä¸º 5s
mysql> set session innodb_lock_wait_timeout = 5;

mysql> show variables like '%lock_wait_timeout%';
+--------------------------+----------+
| Variable_name            | Value    |
+--------------------------+----------+
| innodb_lock_wait_timeout | 5       |
| lock_wait_timeout        | 31536000 |
+--------------------------+----------+
```



## æµ‹è¯•åœºæ™¯

### æ•°æ®å‡†å¤‡

```mysql
-- åˆ›å»ºæµ‹è¯•è¡¨
CREATE TABLE `T_TEST` (
  `ID` bigint(11) NOT NULL AUTO_INCREMENT,
  `UNIQ` varchar(20) NOT NULL,
  `NAME` varchar(20) NOT NULL,
  PRIMARY KEY (`ID`),
  UNIQUE KEY `UNIQ_FILED_UNIQ` (`UNIQ`) USING BTREE
) ENGINE=InnoDB;

-- æ’å…¥æµ‹è¯•æ•°æ®
insert into `T_TEST` (`ID`, `UNIQ`, `NAME`) values ( 1, 'Kail1', 'Kail1');
insert into `T_TEST` (`ID`, `UNIQ`, `NAME`) values ( 2, 'Kail2', 'Kail2');
```



### ä¿®æ”¹éš”ç¦»çº§åˆ«

MySQL é»˜è®¤çš„éš”ç¦»çº§åˆ«æ˜¯ **å¯é‡å¤è¯»**ï¼ˆ`REPEATABLE-READ`ï¼‰ï¼Œä¸ºäº†å’Œå…¬å¸è®¾ç½®ä¿æŒä¸€è‡´ï¼Œè¿™é‡Œæ”¹ä¸º **è¯»æäº¤**ï¼ˆ`READ-COMMITTED`ï¼‰

```mysql
-- select @@global.tx_isolation,@@tx_isolation; ä¹Ÿå¯ä»¥
mysql> select @@global.transaction_isolation,@@transaction_isolation;
+--------------------------------+-------------------------+
| @@global.transaction_isolation | @@transaction_isolation |
+--------------------------------+-------------------------+
| REPEATABLE-READ                | REPEATABLE-READ         |
+--------------------------------+-------------------------+

mysql> show session variables like '%tx%';
+---------------+-----------------+
| Variable_name | Value           |
+---------------+-----------------+
| tx_isolation  | REPEATABLE-READ |
| tx_read_only  | OFF             |
+---------------+-----------------+

-- è®¾ç½® Session çº§åˆ«çš„éš”ç¦»çº§åˆ«ï¼Œç”¨äºæµ‹è¯•ï¼ˆè®¾ç½®çš„æ—¶å€™ READ COMMITTED ä¸­é—´æ²¡æœ‰æ¨ªå²—ï¼‰
-- å…¨å±€çº§åˆ« SET GLOBAL TRANSACTION ISOLATION LEVEL xxx;
mysql> SET SESSION TRANSACTION ISOLATION LEVEL READ COMMITTED;
```



### äº‹åŠ¡æäº¤æ–¹å¼

```mysql
mysql> set session autocommit=0;
  
-- å…³é—­è‡ªåŠ¨æäº¤
mysql> show session variables like 'autocommit';
+---------------+-------+
| Variable_name | Value |
+---------------+-------+
| autocommit    | OFF   |
+---------------+-------+
```



### æµ‹è¯•å‰æ

- éœ€è¦åˆ†åˆ«å¼€å¯ä¸¤ä¸ªä¼šè¯ï¼Œåˆ›é€ å¤šäº‹åŠ¡ç¯å¢ƒ
- å…³é—­äº‹åŠ¡è‡ªåŠ¨æäº¤ï¼Œé€šè¿‡ `commit` è‡ªåŠ¨æäº¤



### åœºæ™¯ï¼šæ­»é” ç«‹å³å¤±è´¥

- `ERROR 1213 (40001): Deadlock found when trying to get lock; try restarting transaction`
- è¡¨ä¸­åˆ†åˆ«æœ‰ä¸¤è¡Œæ•°æ®
- äº‹åŠ¡1 å…ˆæ›´æ–° 1 åæ›´æ–° 2ï¼Œäº‹åŠ¡2 å…ˆæ›´æ–° 2 åæ›´æ–° 1ï¼Œä»¥æ­¤æ¥åˆ›é€ æ­»é”

```mysql
-- ğŸ˜€ äº‹åŠ¡1ï¼š æ“ä½œç¬¬ä¸€æ¡æ•°æ®ï¼Œ å¯¹ç¬¬ä¸€æ¡æ•°æ®åŠ é”
mysql> UPDATE T_TEST SET NAME='tx111' WHERE ID = 1;
Query OK, 1 row affected (0.00 sec)
-- â˜ ï¸ äº‹åŠ¡2ï¼š æ“ä½œç¬¬äºŒæ¡æ•°æ®ï¼Œ å¯¹ç¬¬äºŒæ¡æ•°æ®åŠ é”
mysql> UPDATE T_TEST SET NAME='tx222' WHERE ID = 2;
Query OK, 1 row affected (0.00 sec)


-- ğŸ˜€ äº‹åŠ¡1ï¼šç¬¬2æ¡æ•°æ®å·²ç»è¢« äº‹åŠ¡2 å ç”¨ï¼Œè¿™é‡Œä¸ä¼šç«‹å³è¿”å›ï¼Œâ¤â¤ é˜»å¡ç­‰å¾… â¤â¤
mysql> UPDATE T_TEST SET NAME='tx111' WHERE ID = 2;
-- â˜ ï¸â˜ ï¸â˜ ï¸â˜ ï¸ äº‹åŠ¡2ï¼šç¬¬1æ¡æ•°æ®å·²ç»è¢« äº‹åŠ¡1 å ç”¨ï¼Œè¿™é‡Œæ£€æŸ¥åˆ°æ­»é”ï¼Œâ¤â¤ ç«‹å³æŠ¥é”™ â¤â¤ â˜ ï¸â˜ ï¸â˜ ï¸â˜ ï¸
mysql> UPDATE T_TEST SET NAME='tx222' WHERE ID = 1;
ERROR 1213 (40001): Deadlock found when trying to get lock; try restarting transaction
-- ğŸ˜€ äº‹åŠ¡1ï¼ˆç¬¬ä¸€ä¸ªä¼šè¯çª—å£ï¼‰ï¼šè§£é™¤é˜»å¡ï¼Œè¾“å‡ºå½±å“çš„è¡Œæ•°
Query OK, 1 row affected (14.25 sec)


-- ğŸ˜€ ä¼šè¯çª—å£1
mysql> commit;
-- â˜ ï¸ ä¼šè¯çª—å£2
mysql> commit;


-- æŸ¥è¯¢ç»“æœï¼Œå› ä¸ºäº‹åŠ¡äºŒè¢«å›æ»šï¼Œç»“æœä¸ºäº‹åŠ¡1 çš„æ›´æ–°ç»“æœ
mysql> SELECT * FROM T_TEST;
+----+-------+-------+
| ID | UNIQ  | NAME  |
+----+-------+-------+
|  1 | Kail1 | tx111 |
|  2 | Kail2 | tx111 |
+----+-------+-------+
```



### åœºæ™¯ï¼šé”è¶…æ—¶ é˜»å¡ç­‰å¾…

```mysql
-- å…ˆæŠŠè¶…æ—¶æ—¶é—´è®¾ç½®ä¸º 5 ç§’
mysql> set session innodb_lock_wait_timeout = 5;

-- ğŸ˜€ äº‹åŠ¡1ï¼š æ“ä½œç¬¬ä¸€æ¡æ•°æ®ï¼Œ å¯¹ç¬¬ä¸€æ¡æ•°æ®åŠ é”
mysql> UPDATE T_TEST SET NAME='tx-111' WHERE ID = 1;
Query OK, 1 row affected (0.00 sec)
-- â˜ ï¸ äº‹åŠ¡2ï¼š ä¹Ÿæ“ä½œç¬¬ä¸€æ¡æ•°æ®ï¼Œâ¤â¤â¤ å› ä¸º äº‹åŠ¡1 è¿˜æ²¡æäº¤ï¼Œè¿™é‡Œä¼šç­‰å¾…ï¼Œç›´åˆ°è¶…æ—¶ â¤â¤â¤
mysql> UPDATE T_TEST SET NAME='tx-222' WHERE ID = 1;
-- 5 ç§’åä¼šæŠ¥ä¸‹é¢è¿™ä¸ªé”™
ERROR 1205 (HY000): Lock wait timeout exceeded; try restarting transaction
```



### â¤ åœºæ™¯ï¼šé”è¶…æ—¶ ä»…å›æ»šå½“å‰è¯­å¥

```mysql
-- å…ˆæŠŠè¶…æ—¶æ—¶é—´è®¾ç½®ä¸º 5 ç§’
mysql> set session innodb_lock_wait_timeout = 5;

-- ğŸ˜€ äº‹åŠ¡1ï¼š æ“ä½œç¬¬ä¸€æ¡æ•°æ®ï¼Œ å¯¹ç¬¬ä¸€æ¡æ•°æ®åŠ é”
mysql> UPDATE T_TEST SET NAME='tx-1' WHERE ID = 1;
Query OK, 1 row affected (0.00 sec)
-- â˜ ï¸ äº‹åŠ¡2ï¼š å…ˆæ›´æ–°ç¬¬äºŒæ¡æ•°æ®ï¼Œç«‹å³è¿”å›
mysql> UPDATE T_TEST SET NAME='tx-2' WHERE ID = 2;
Query OK, 1 row affected (0.00 sec)
-- â˜ ï¸ äº‹åŠ¡2ï¼š å†æ›´æ–°ç¬¬ä¸€æ¡æ•°æ®ï¼Œâ¤â¤â¤ é˜»å¡ç›´åˆ°è¶…æ—¶ â¤â¤â¤
mysql> UPDATE T_TEST SET NAME='tx-2' WHERE ID = 1;
ERROR 1205 (HY000): Lock wait timeout exceeded; try restarting transaction

-- ğŸ˜€ äº‹åŠ¡1ï¼š èƒ½çœ‹åˆ°è‡ªå·±åˆšåˆšæ›´æ–°çš„ç»“æœï¼Œçœ‹ä¸åˆ°äº‹åŠ¡ 2
mysql> SELECT * FROM T_TEST;
+----+-------+-------+
| ID | UNIQ  | NAME  |
+----+-------+-------+
|  1 | Kail1 | tx-1  |
|  2 | Kail2 | tx111 |
+----+-------+-------+
-- â˜ ï¸ äº‹åŠ¡2ï¼š èƒ½çœ‹åˆ°è‡ªå·±åˆšåˆšæ›´æ–°çš„ç»“æœï¼Œçœ‹ä¸åˆ°äº‹åŠ¡ 1
mysql> SELECT * FROM T_TEST;
+----+-------+-------+
| ID | UNIQ  | NAME  |
+----+-------+-------+
|  1 | Kail1 | tx111 |
|  2 | Kail2 | tx-2  |
+----+-------+-------+

-- ğŸ˜€ äº‹åŠ¡1ï¼š æäº¤äº‹åŠ¡
mysql> commit;
-- â˜ ï¸ äº‹åŠ¡2ï¼š æäº¤äº‹åŠ¡
mysql> commit;

-- æœ€ç»ˆæ•ˆæœï¼Œé™¤äº† äº‹åŠ¡2 é”è¶…æ—¶æ‰§è¡Œå¤±è´¥çš„è¯­å¥ï¼Œå…¶ä»–ä¸¤æ¡è¯­å¥å®é™…ä¸Šéƒ½æ‰§è¡ŒæˆåŠŸ
mysql> SELECT * FROM T_TEST;
+----+-------+------+
| ID | UNIQ  | NAME |
+----+-------+------+
|  1 | Kail1 | tx-1 |
|  2 | Kail2 | tx-2 |
+----+-------+------+
```

#### å°ç»“ - ä»…å›æ»šå½“å‰è¯­å¥

- æ­£å¦‚å®˜æ–¹æ–‡æ¡£æ‰€è¯´ï¼š **å½“å‘ç”Ÿé”ç­‰å¾…è¶…æ—¶æ—¶ï¼Œå°†å›æ»šå½“å‰è¯­å¥ï¼ˆè€Œä¸æ˜¯æ•´ä¸ªäº‹åŠ¡ï¼‰** 
- å®é™…ä¸šåŠ¡ç³»ç»Ÿä¸­**å¦‚æœå‡ºç°é”è¶…æ—¶**ï¼Œ**ä¸€ä¸ªäº‹åŠ¡ä¸­åªå›æ»šä¸€éƒ¨åˆ†ï¼Œä¼šå¯¼è‡´æ•°æ®ä¸ä¸€è‡´å—**ï¼Ÿ
- ç­”æ¡ˆæ˜¯ **ä¸ä¼š**
  - å› ä¸ºäº‹åŠ¡æ­£ç¡®çš„ä½¿ç”¨æ–¹å¼å¹¶ä¸æ˜¯ä¸Šé¢åœ¨ Console ä¸­çš„æ“ä½œæ–¹å¼
  - å®é™…æ“ä½œæ–¹å¼æ˜¯ï¼š å¦‚æœ SQL æ‰§è¡ŒæˆåŠŸ `commit`ï¼Œå¦‚æœæ‰§è¡Œä¸æˆåŠŸ `rollback`ï¼Œæ•´ä¸ªäº‹åŠ¡å°±ä¼šå›æ»š
  - è€Œä¸Šé¢çš„æ“ä½œï¼Œä¸ç®¡æ˜¯å¦æˆåŠŸï¼Œå…¨éƒ½ `commit` äº†ï¼Œè¿™ç§æƒ…å†µåœ¨å®é™…ä¸šåŠ¡ç¼–ç ä¸­å¹¶ä¸å¸¸è§
- ä¾§é¢ä¹Ÿè¯´æ˜ï¼Œå‡å¦‚ä¸šåŠ¡ä¸­å…è®¸åœ¨é”è¶…æ—¶çš„æ—¶å€™éƒ¨åˆ†æäº¤ï¼Œå…¶å®æ˜¯å¯ä»¥å®ç°çš„
- å½“å‰å®éªŒåœºæ™¯ä¸­çš„ **â€œå›æ»šå½“å‰è¯­å¥â€** å¦‚æœæ”¹æˆ **â€œå½“å‰è¯­å¥æ‰§è¡Œå¤±è´¥â€** å¯èƒ½ä¼šæ›´å¥½ï¼Œå‡å°‘ç†è§£ä¸Šçš„è¯¯åŒº



## é—®é¢˜æ’æŸ¥

### æŸ¥çœ‹å½“å‰ç­‰å¾…çš„äº‹åŠ¡

```mysql
mysql> SELECT * FROM information_schema.INNODB_TRX WHERE trx_state='LOCK WAIT' \G
*************************** 1. row ***************************
                    trx_id: 21096
                 trx_state: LOCK WAIT
               trx_started: 2020-03-27 11:04:54
     trx_requested_lock_id: 21096:51:3:11
          trx_wait_started: 2020-03-27 11:05:49
                trx_weight: 2
       trx_mysql_thread_id: 25
                 trx_query: UPDATE T_TEST SET NAME='tx-222' WHERE ID = 1
       trx_operation_state: starting index read
         trx_tables_in_use: 1
         trx_tables_locked: 1
          trx_lock_structs: 2
     trx_lock_memory_bytes: 1136
           trx_rows_locked: 2
         trx_rows_modified: 0
   trx_concurrency_tickets: 0
       trx_isolation_level: READ COMMITTED
         trx_unique_checks: 1
    trx_foreign_key_checks: 1
trx_last_foreign_key_error: NULL
 trx_adaptive_hash_latched: 0
 trx_adaptive_hash_timeout: 0
          trx_is_read_only: 0
trx_autocommit_non_locking: 0
```

### LOCK WAIT çš„äº‹åŠ¡åœ¨ç­‰è°

```mysql
mysql> SELECT * FROM information_schema.INNODB_LOCK_WAITS;
+-------------------+-------------------+-----------------+------------------+
| requesting_trx_id | requested_lock_id | blocking_trx_id | blocking_lock_id |
+-------------------+-------------------+-----------------+------------------+
| 21096             | 21096:51:3:11     | 21095           | 21095:51:3:11    |
+-------------------+-------------------+-----------------+------------------+
1 row in set, 1 warning (0.01 sec)

-- ç»¼åˆ information_schema.INNODB_LOCK_WAITS å’Œ information_schema.INNODB_TRX
mysql> SELECT
	r.trx_id waiting_trx_id ,
	r.trx_mysql_thread_id waiting_thread ,
	r.trx_query waiting_query ,
	b.trx_id blocking_trx_id ,
	b.trx_mysql_thread_id blocking_thread ,
	b.trx_query blocking_query
FROM
	information_schema.INNODB_LOCK_WAITS w
INNER JOIN information_schema.INNODB_TRX b ON b.trx_id = w.blocking_trx_id
INNER JOIN information_schema.INNODB_TRX r ON r.trx_id = w.requesting_trx_id \G
*************************** 1. row ***************************
 waiting_trx_id: 21104
 waiting_thread: 25
  waiting_query: UPDATE T_TEST SET NAME='tx-222' WHERE ID = 1
blocking_trx_id: 21102
blocking_thread: 24
 blocking_query: NULL
1 row in set, 1 warning (0.00 sec)
```



### æ‰¾åˆ°é˜»å¡çš„æºå¤´

> - å¯ä»¥æ‰¾åˆ° é˜»å¡æºå¤´ æ˜¯å“ªä¸ªäº‹åŠ¡
>
> - æ— æ³•æ‰¾åˆ° é˜»å¡æºå¤´ æ˜¯å“ªæ¡ SQL
>
> - **å¯ä»¥æ‰¾åˆ° é˜»å¡æºå¤´ çš„äº‹åŠ¡æ‰§è¡Œçš„ æœ€åä¸€æ¡SQL**
>
>   - [MySQL Innodbå¦‚ä½•æ‰¾å‡ºé˜»å¡äº‹åŠ¡æºå¤´SQL](https://www.cnblogs.com/kerrycode/p/8948335.html)
>
>   - [ä¸ºä»€ä¹ˆæ•°æ®åº“æœ‰æ—¶å€™ä¸èƒ½å®šä½é˜»å¡ï¼ˆBlockerï¼‰æºå¤´çš„SQLè¯­å¥](https://www.cnblogs.com/kerrycode/p/5821413.html)

```mysql
SELECT
     state.SQL_TEXT, -- é˜»å¡æºå¤´ çš„äº‹åŠ¡æ‰§è¡Œçš„ æœ€åä¸€æ¡SQL
     state.DIGEST_TEXT,
     thread.PROCESSLIST_ID,
     thread.PROCESSLIST_USER, -- æ¥æºç”¨æˆ·
     thread.PROCESSLIST_HOST, -- æ¥æºä¸»æœº
     thread.PROCESSLIST_DB,
     tx.trx_id,
     tx.trx_state,
     tx.trx_started           -- å¼€å§‹æ—¶é—´
FROM
     performance_schema.events_statements_current state
INNER JOIN performance_schema.threads thread ON state.thread_id = thread.thread_id
INNER JOIN information_schema.INNODB_TRX tx ON thread.processlist_id = tx.trx_mysql_thread_id
WHERE
-- æ ¹æ®äº‹åŠ¡ ID æŸ¥è¯¢
	tx.trx_id = '21102'
-- æ ¹æ® show processlist ä¸­çš„ ID æŸ¥è¯¢
-- tx.trx_mysql_thread_id = 'processlist ID'
ORDER BY
	tx.trx_started \G
```

### general_log å¼€å¯è®°å½•

- `general_log` å°†æ‰€æœ‰åˆ°è¾¾ MySQL Server çš„ SQL è¯­å¥è®°å½•ä¸‹æ¥
- ä½†æ˜¯ä¸€èˆ¬ä¸ä¼šå¼€å¯å¼€åŠŸèƒ½ï¼Œå› ä¸ºlogçš„é‡ä¼šéå¸¸åºå¤§
- ä¸ªåˆ«æƒ…å†µä¸‹å¯èƒ½ä¼šä¸´æ—¶çš„å¼€ä¸€ä¼šå„¿ä»¥ä¾›æ’éšœä½¿ç”¨
- ç›¸å…³å‚æ•°æœ‰
  - `general_log` æ—¥å¿—æ˜¯å¦å¼€å¯
  - `log_output` æ—¥å¿—è¾“å‡ºç±»å‹
    - `FILE` æ—¥å¿—å†™åˆ° `general_log_file` æŒ‡å®šçš„æ–‡ä»¶ä¸­
    - `TABLE` æ—¥å¿—å†™åˆ° `mysql.slow_log` è¡¨ä¸­

```mysql
mysql> show variables like '%log_output%';
+---------------+-------+
| Variable_name | Value |
+---------------+-------+
| log_output    | FILE  |
+---------------+-------+

mysql> show variables like '%general_log%';
+------------------+---------------------------------+
| Variable_name    | Value                           |
+------------------+---------------------------------+
| general_log      | OFF                             |
| general_log_file | /var/lib/mysql/35cb5b325ec1.log |
+------------------+---------------------------------+

-- å¼€å¯ general_log
mysql> set GLOBAL general_log = 'ON';

-- é€šè¿‡ INNODB_TRX å’Œ INNODB_LOCK_WAITS è¡¨ï¼Œæ‰¾åˆ°é˜»å¡çš„ trx_mysql_thread_id
-- è¿‡æ»¤å‡ºäº‹åŠ¡ä¸­æŒ‡å®šçš„ SQL
$ tail -fn 400 /var/lib/mysql/35cb5b325ec1.log | grep "{trx_mysql_thread_id}"
Time                              Id Command    Argument
..
2020-03-28T07:08:11.002374Z        33 Connect   root@localhost on test using Socket
2020-03-28T07:08:11.005286Z        33 Query     show databases
2020-03-28T07:08:11.011642Z        33 Query     show tables
2020-03-28T07:08:11.016498Z        33 Field List        T_TEST 
2020-03-28T07:08:11.019267Z        33 Field List        T_USER 
2020-03-28T07:08:11.028182Z        33 Query     UPDATE T_TEST SET NAME='tx-112' WHERE ID = 1
```

### â¤ æ›´å¿«é€Ÿçš„æ–¹æ³•

> - `sys` åº“æ‰€æœ‰çš„æ•°æ®æºæ¥è‡ª `performance_schema`
> - ç›®æ ‡æ˜¯æŠŠ `performance_schema` çš„æŠŠå¤æ‚åº¦é™ä½
> -  `sys` åº“ åŸºæœ¬ä¸Šç”± **è§†å›¾** å’Œ **å­˜å‚¨è¿‡ç¨‹** ç»„æˆ

```mysql
mysql> select * from sys.innodb_lock_waits \G
*************************** 1. row ***************************
                wait_started: 2020-03-28 07:27:56
                    wait_age: 00:00:24
               wait_age_secs: 24
                locked_table: `test`.`T_TEST`
                locked_index: PRIMARY
                 locked_type: RECORD
              waiting_trx_id: 21115
         waiting_trx_started: 2020-03-28 07:09:09
             waiting_trx_age: 00:19:11
     waiting_trx_rows_locked: 3
   waiting_trx_rows_modified: 0
                 waiting_pid: 34
               waiting_query: UPDATE T_TEST SET NAME='tx-222' WHERE ID = 1
             waiting_lock_id: 21115:51:3:11
           waiting_lock_mode: X
             blocking_trx_id: 21114
                blocking_pid: 33
              blocking_query: NULL
            blocking_lock_id: 21114:51:3:11
          blocking_lock_mode: X
        blocking_trx_started: 2020-03-28 07:09:05
            blocking_trx_age: 00:19:15
    blocking_trx_rows_locked: 1
  blocking_trx_rows_modified: 0
     sql_kill_blocking_query: KILL QUERY 33
sql_kill_blocking_connection: KILL 33

mysql> SELECT * FROM sys.processlist WHERE conn_id = 33 \G
*************************** 1. row ***************************
                thd_id: 58
               conn_id: 33
                  user: root@localhost
                    db: test
               command: Sleep
                 state: NULL
                  time: 1665
     current_statement: NULL
     statement_latency: NULL
              progress: NULL
          lock_latency: 4.53 ms
         rows_examined: 1
             rows_sent: 0
         rows_affected: 0
            tmp_tables: 0
       tmp_disk_tables: 0
             full_scan: NO
        last_statement: UPDATE T_TEST SET NAME='tx-111' WHERE ID = 1 -- é˜»å¡æ¥æºæœ€åæ‰§è¡Œçš„SQL
last_statement_latency: 11.39 ms
        current_memory: 0 bytes
             last_wait: NULL
     last_wait_latency: NULL
                source: NULL
           trx_latency: NULL
             trx_state: NULL
        trx_autocommit: NULL
                   pid: 90
          program_name: mysql
```



### â¤ é”ç­‰å¾…æ—¶é—´ç»Ÿè®¡ 

> - [Server Status Variable Reference](https://dev.mysql.com/doc/refman/5.7/en/server-status-variable-reference.html)
>   - [Innodb_row_lock_time_avg](https://dev.mysql.com/doc/refman/5.7/en/server-status-variables.html#statvar_Innodb_row_lock_time_avg)

```mysql
mysql> SELECT * FROM sys.metrics WHERE Variable_name LIKE 'innodb_row_lock_%';
+-------------------------------+----------------+---------------+---------+
| Variable_name                 | Variable_value | Type          | Enabled |
+-------------------------------+----------------+---------------+---------+
| innodb_row_lock_current_waits | 0              | Global Status | YES     |
| innodb_row_lock_time          | 1508173        | Global Status | YES     |
| innodb_row_lock_time_avg      | 41893          | Global Status | YES     |
| innodb_row_lock_time_max      | 51918          | Global Status | YES     |
| innodb_row_lock_waits         | 36             | Global Status | YES     |
+-------------------------------+----------------+---------------+---------+

-- æˆ–è€…
mysql> show status like 'innodb_row_lock%';
+-------------------------------+---------+
| Variable_name                 | Value   |
+-------------------------------+---------+
| Innodb_row_lock_current_waits | 0       |
| Innodb_row_lock_time          | 1508173 |
| Innodb_row_lock_time_avg      | 41893   |
| Innodb_row_lock_time_max      | 51918   |
| Innodb_row_lock_waits         | 36      |
+-------------------------------+---------+
```



### å°ç»“

- `information_schema.INNODB_TRX` å½“å‰æ­£åœ¨æ‰§è¡Œçš„äº‹åŠ¡
- `information_schema.INNODB_LOCK_WAITS` äº‹åŠ¡çš„ é”ç­‰å¾…å…³ç³»
- `information_schema.INNODB_LOCKS`  å½“å‰å‡ºç°çš„é”
- `sys.innodb_lock_waits` è§†å›¾å¯¹ä»¥ä¸Šå‡ ä¸ªè¡¨è¿›è¡Œå’Œç»¼åˆç®€åŒ–
- `sys.metrics` è§†å›¾ å¯ç”¨æ¥æŸ¥çœ‹æŒ‡å®šæŒ‡æ ‡çš„ ç»Ÿè®¡ä¿¡æ¯ï¼Œä¾¿äºå¯¹å‚æ•°è¿›è¡Œåˆç†çš„é…ç½® 

## å¦‚ä½•é¿å…æˆ–å‡å°‘é”è¶…æ—¶çš„æƒ…å†µ

- äº‹åŠ¡ä¸è¦å¤ªå¤§ï¼Œä¸è¦ä¸€è‚¡è„‘çš„å¾€åŒä¸€ä¸ªäº‹åŠ¡é‡Œé¢æ–¹å¼ï¼Œè¦æ€è€ƒ
  - å“ªäº›æ˜¯ä¸å¿…è¦äº‹åŠ¡æ‰§è¡Œçš„
  - å“ªäº›æ­¥éª¤æ˜¯å¯ä»¥åˆ†æ­¥æ‰§è¡Œçš„
- å°½é‡ä¸è¦åœ¨äº‹åŠ¡ä¸­æ”¾ç½‘ç»œæ“ä½œç›¸å…³çš„ä¸œè¥¿
  - ç¬¬ä¸‰æ–¹çš„è¯·æ±‚çš„ç½‘ç»œè€—æ—¶é•¿ï¼Œä¼šå¯¼è‡´ä½ çš„äº‹åŠ¡é•¿æ—¶é—´æ— æ³•ç»“æŸ
- ...

## Read More

- [MySQL åŠ é”å¤„ç†åˆ†æ](https://www.cnblogs.com/tutar/p/5878651.html)
- [MySql Lock wait timeout exceededè¯¥å¦‚ä½•å¤„ç†ï¼Ÿ](https://ningyu1.github.io/site/post/75-mysql-lock-wait-timeout-exceeded/)
- [MySQL 5.7 Reference Manual](https://dev.mysql.com/doc/refman/5.7/en/) / [INFORMATION_SCHEMA Tables](https://dev.mysql.com/doc/refman/5.7/en/information-schema.html)
- [MySQL Innodbå¦‚ä½•æ‰¾å‡ºé˜»å¡äº‹åŠ¡æºå¤´SQL](https://www.cnblogs.com/kerrycode/p/8948335.html)
- [Server Status Variable Reference](https://dev.mysql.com/doc/refman/5.7/en/server-status-variable-reference.html)